test.log
